// Vitest Snapshot v1, https://vitest.dev/guide/snapshot.html

exports[`validator results are unchanged by the mesh module (display-only) > per-template valid/distinct counts over a seed sweep match the recorded baseline 1`] = `
[
  {
    "distinct": 60,
    "template": "battle-rifle",
    "valid": 60,
  },
  {
    "distinct": 20,
    "template": "ar",
    "valid": 60,
  },
  {
    "distinct": 41,
    "template": "ak",
    "valid": 60,
  },
  {
    "distinct": 23,
    "template": "pistol",
    "valid": 60,
  },
  {
    "distinct": 24,
    "template": "revolver",
    "valid": 60,
  },
  {
    "distinct": 56,
    "template": "smg",
    "valid": 60,
  },
  {
    "distinct": 54,
    "template": "bolt-rifle",
    "valid": 50,
  },
  {
    "distinct": 56,
    "template": "bolt-rifle-box",
    "valid": 60,
  },
  {
    "distinct": 40,
    "template": "pump-shotgun",
    "valid": 60,
  },
  {
    "distinct": 50,
    "template": "bullpup",
    "valid": 60,
  },
]
`;
